PLINK v1.90b6.21 64-bit (19 Oct 2020)
Options in effect:
  --bfile /nobackup/proj/comet_kogwas/data/tmp/knockoffs/knockoffs_chr20_res4
  --keep-allele-order
  --ld-window 5000
  --ld-window-kb 10000
  --ld-window-r2 0.01
  --memory 9000
  --out results_d25_w3_FDR20/knockoffs_gof/knockoffs_chr20_res4
  --r2 in-phase

Hostname: hmem010.comet.hpc.ncl.ac.uk
Working directory: /mnt/nfs/home/nrajh/StatGen/work-other/KnockOff/knockoff-gwas/pbc_analysis
Start time: Thu Mar 19 17:04:59 2026

Random number seed: 1773939899
1547126 MB RAM detected; reserving 9000 MB for main workspace.
11300 variants loaded from .bim file.
24510 people (0 males, 0 females, 24510 ambiguous) loaded from .fam.
Ambiguous sex IDs written to
results_d25_w3_FDR20/knockoffs_gof/knockoffs_chr20_res4.nosex .
Using up to 255 threads (change this with --threads).
Before main variant filters, 24510 founders and 0 nonfounders present.
Calculating allele frequencies... done.
11300 variants and 24510 people pass filters and QC.
Note: No phenotypes present.
--r2 in-phase to results_d25_w3_FDR20/knockoffs_gof/knockoffs_chr20_res4.ld ...
done.

End time: Thu Mar 19 17:05:23 2026
