PLINK v1.90b6.21 64-bit (19 Oct 2020)
Options in effect:
  --bfile /nobackup/proj/comet_kogwas/data/tmp/knockoffs/knockoffs_chr2_res0
  --freq
  --keep-allele-order
  --ld-window 2
  --ld-window-kb 0
  --memory 9000
  --out results_d25_w3_FDR20/knockoffs_gof/knockoffs_chr2_res0_self
  --r in-phase

Hostname: hmem009.comet.hpc.ncl.ac.uk
Working directory: /mnt/nfs/home/nrajh/StatGen/work-other/KnockOff/knockoff-gwas/pbc_analysis
Start time: Thu Mar 19 19:06:07 2026

Random number seed: 1773947167
1547124 MB RAM detected; reserving 9000 MB for main workspace.
43104 variants loaded from .bim file.
24510 people (0 males, 0 females, 24510 ambiguous) loaded from .fam.
Ambiguous sex IDs written to
results_d25_w3_FDR20/knockoffs_gof/knockoffs_chr2_res0_self.nosex .
Using up to 255 threads (change this with --threads).
Before main variant filters, 24510 founders and 0 nonfounders present.
Calculating allele frequencies... done.
--freq: Allele frequencies (founders only) written to
results_d25_w3_FDR20/knockoffs_gof/knockoffs_chr2_res0_self.frq .
43104 variants and 24510 people pass filters and QC.
Note: No phenotypes present.
--r in-phase to results_d25_w3_FDR20/knockoffs_gof/knockoffs_chr2_res0_self.ld
... done.

End time: Thu Mar 19 19:06:09 2026
