Loading required package: tidyverse
── Attaching core tidyverse packages ──────────────────────── tidyverse 2.0.0 ──
✔ dplyr     1.1.4     ✔ readr     2.1.6
✔ forcats   1.0.1     ✔ stringr   1.5.1
✔ ggplot2   4.0.1     ✔ tibble    3.2.1
✔ lubridate 1.9.4     ✔ tidyr     1.3.1
✔ purrr     1.0.2     
── Conflicts ────────────────────────────────────────── tidyverse_conflicts() ──
✖ dplyr::filter() masks stats::filter()
✖ dplyr::lag()    masks stats::lag()
ℹ Use the conflicted package (<http://conflicted.r-lib.org/>) to force all conflicts to become errors
Loading required package: fastcluster

Attaching package: ‘fastcluster’

The following object is masked from ‘package:stats’:

    hclust

Loading required package: latex2exp
Loading required package: grid
Loading required package: gridExtra

Attaching package: ‘gridExtra’

The following object is masked from ‘package:dplyr’:

    combine

  tidyverse fastcluster   latex2exp        grid   gridExtra 
       TRUE        TRUE        TRUE        TRUE        TRUE 
list()
Loading required package: bigstatsr
Loading required package: bigsnpr
bigstatsr   bigsnpr 
     TRUE      TRUE 

----------------------------------------------------------------------------------------------------
Partitioning variants
----------------------------------------------------------------------------------------------------

Processing chromosome 18 ...

  resolution_cM median_width_kB mean_width_kB n_groups median_size_SNPs
1          0.00          0.0000       0.00000     7256                1
2          0.01          4.7130      11.73473     2047                3
3          0.05         25.3560      41.73806     1005                5
4          0.10         43.1770      71.40099      699                7
5          0.20         81.8725     120.90597      468               11
6          0.50        189.1570     256.84372      249               22
7          1.00        365.3300     496.18995      137               42
  mean_size_SNPs
1        1.00000
2        3.54470
3        7.21990
4       10.38054
5       15.50427
6       29.14056
7       52.96350
Mean group sizes: 
   res_7    res_6    res_5    res_4    res_3    res_2    res_1 
 1.00000  3.54470  7.21990 10.38054 15.50427 29.14056 52.96350 
Median group sizes: 
res_7 res_6 res_5 res_4 res_3 res_2 res_1 
    1     3     5     7    11    22    42 
Partitions written to: /nobackup/proj/comet_kogwas/data/tmp/partitions/chr18.txt
