Loading required package: tidyverse
── Attaching core tidyverse packages ──────────────────────── tidyverse 2.0.0 ──
✔ dplyr     1.1.4     ✔ readr     2.1.6
✔ forcats   1.0.1     ✔ stringr   1.5.1
✔ ggplot2   4.0.1     ✔ tibble    3.2.1
✔ lubridate 1.9.4     ✔ tidyr     1.3.1
✔ purrr     1.0.2     
── Conflicts ────────────────────────────────────────── tidyverse_conflicts() ──
✖ dplyr::filter() masks stats::filter()
✖ dplyr::lag()    masks stats::lag()
ℹ Use the conflicted package (<http://conflicted.r-lib.org/>) to force all conflicts to become errors
Loading required package: fastcluster

Attaching package: ‘fastcluster’

The following object is masked from ‘package:stats’:

    hclust

Loading required package: latex2exp
Loading required package: grid
Loading required package: gridExtra

Attaching package: ‘gridExtra’

The following object is masked from ‘package:dplyr’:

    combine

  tidyverse fastcluster   latex2exp        grid   gridExtra 
       TRUE        TRUE        TRUE        TRUE        TRUE 
list()
Loading required package: bigstatsr
Loading required package: bigsnpr
bigstatsr   bigsnpr 
     TRUE      TRUE 

----------------------------------------------------------------------------------------------------
Partitioning variants
----------------------------------------------------------------------------------------------------

Processing chromosome 10 ...

  resolution_cM median_width_kB mean_width_kB n_groups median_size_SNPs
1          0.00          0.0000       0.00000    13900                1
2          0.01          5.9090      12.39222     3691                3
3          0.05         29.3610      47.18407     1688                6
4          0.10         52.7350      83.00768     1149                9
5          0.20         92.6795     142.79217      740               15
6          0.50        225.6030     313.28209      374               31
7          1.00        410.9860     568.56742      215               54
  mean_size_SNPs
1       1.000000
2       3.765917
3       8.234597
4      12.097476
5      18.783784
6      37.165775
7      64.651163
Mean group sizes: 
    res_7     res_6     res_5     res_4     res_3     res_2     res_1 
 1.000000  3.765917  8.234597 12.097476 18.783784 37.165775 64.651163 
Median group sizes: 
res_7 res_6 res_5 res_4 res_3 res_2 res_1 
    1     3     6     9    15    31    54 
Partitions written to: /nobackup/proj/comet_kogwas/data/tmp/partitions/chr10.txt
