Loading required package: tidyverse
── Attaching core tidyverse packages ──────────────────────── tidyverse 2.0.0 ──
✔ dplyr     1.1.4     ✔ readr     2.1.6
✔ forcats   1.0.1     ✔ stringr   1.5.1
✔ ggplot2   4.0.1     ✔ tibble    3.2.1
✔ lubridate 1.9.4     ✔ tidyr     1.3.1
✔ purrr     1.0.2     
── Conflicts ────────────────────────────────────────── tidyverse_conflicts() ──
✖ dplyr::filter() masks stats::filter()
✖ dplyr::lag()    masks stats::lag()
ℹ Use the conflicted package (<http://conflicted.r-lib.org/>) to force all conflicts to become errors
Loading required package: fastcluster

Attaching package: ‘fastcluster’

The following object is masked from ‘package:stats’:

    hclust

Loading required package: latex2exp
Loading required package: grid
Loading required package: gridExtra

Attaching package: ‘gridExtra’

The following object is masked from ‘package:dplyr’:

    combine

  tidyverse fastcluster   latex2exp        grid   gridExtra 
       TRUE        TRUE        TRUE        TRUE        TRUE 
list()
Loading required package: bigstatsr
Loading required package: bigsnpr
bigstatsr   bigsnpr 
     TRUE      TRUE 

----------------------------------------------------------------------------------------------------
Partitioning variants
----------------------------------------------------------------------------------------------------

Processing chromosome 6 ...

  resolution_cM median_width_kB mean_width_kB n_groups median_size_SNPs
1          0.00          0.0000       0.00000    19897                1
2          0.01          7.4810      14.56449     4508                3
3          0.05         35.3315      55.04389     1968                7
4          0.10         67.2655      95.71168     1294               10
5          0.20        118.7260     165.13188      828               16
6          0.50        266.0980     357.30340      419               32
7          1.00        525.8000     657.50804      237               63
  mean_size_SNPs
1       1.000000
2       4.413709
3      10.110264
4      15.376352
5      24.030193
6      47.486874
7      83.953586
Mean group sizes: 
    res_7     res_6     res_5     res_4     res_3     res_2     res_1 
 1.000000  4.413709 10.110264 15.376352 24.030193 47.486874 83.953586 
Median group sizes: 
res_7 res_6 res_5 res_4 res_3 res_2 res_1 
    1     3     7    10    16    32    63 
Partitions written to: /nobackup/proj/comet_kogwas/data/tmp/partitions/chr6.txt
