Loading required package: tidyverse
── Attaching core tidyverse packages ──────────────────────── tidyverse 2.0.0 ──
✔ dplyr     1.1.4     ✔ readr     2.1.6
✔ forcats   1.0.1     ✔ stringr   1.5.1
✔ ggplot2   4.0.1     ✔ tibble    3.2.1
✔ lubridate 1.9.4     ✔ tidyr     1.3.1
✔ purrr     1.0.2     
── Conflicts ────────────────────────────────────────── tidyverse_conflicts() ──
✖ dplyr::filter() masks stats::filter()
✖ dplyr::lag()    masks stats::lag()
ℹ Use the conflicted package (<http://conflicted.r-lib.org/>) to force all conflicts to become errors
Loading required package: fastcluster

Attaching package: ‘fastcluster’

The following object is masked from ‘package:stats’:

    hclust

Loading required package: latex2exp
Loading required package: grid
Loading required package: gridExtra

Attaching package: ‘gridExtra’

The following object is masked from ‘package:dplyr’:

    combine

  tidyverse fastcluster   latex2exp        grid   gridExtra 
       TRUE        TRUE        TRUE        TRUE        TRUE 
list()
Loading required package: bigstatsr
Loading required package: bigsnpr
bigstatsr   bigsnpr 
     TRUE      TRUE 

----------------------------------------------------------------------------------------------------
Partitioning variants
----------------------------------------------------------------------------------------------------

Processing chromosome 3 ...

  resolution_cM median_width_kB mean_width_kB n_groups median_size_SNPs
1          0.00          0.0000       0.00000    17764              1.0
2          0.01          6.4270      15.12233     4662              3.0
3          0.05         33.8540      58.46355     2108              6.0
4          0.10         58.1410      96.86313     1450              9.0
5          0.20        113.3430     171.79735      923             15.0
6          0.50        265.6405     379.68406      462             32.0
7          1.00        502.5385     696.26080      264             57.5
  mean_size_SNPs
1       1.000000
2       3.810382
3       8.426945
4      12.251034
5      19.245937
6      38.450216
7      67.287879
Mean group sizes: 
    res_7     res_6     res_5     res_4     res_3     res_2     res_1 
 1.000000  3.810382  8.426945 12.251034 19.245937 38.450216 67.287879 
Median group sizes: 
res_7 res_6 res_5 res_4 res_3 res_2 res_1 
  1.0   3.0   6.0   9.0  15.0  32.0  57.5 
Partitions written to: /nobackup/proj/comet_kogwas/data/tmp/partitions/chr3.txt
