Loading required package: tidyverse
── Attaching core tidyverse packages ──────────────────────── tidyverse 2.0.0 ──
✔ dplyr     1.1.4     ✔ readr     2.1.6
✔ forcats   1.0.1     ✔ stringr   1.5.1
✔ ggplot2   4.0.1     ✔ tibble    3.2.1
✔ lubridate 1.9.4     ✔ tidyr     1.3.1
✔ purrr     1.0.2     
── Conflicts ────────────────────────────────────────── tidyverse_conflicts() ──
✖ dplyr::filter() masks stats::filter()
✖ dplyr::lag()    masks stats::lag()
ℹ Use the conflicted package (<http://conflicted.r-lib.org/>) to force all conflicts to become errors
Loading required package: fastcluster

Attaching package: ‘fastcluster’

The following object is masked from ‘package:stats’:

    hclust

Loading required package: latex2exp
Loading required package: grid
Loading required package: gridExtra

Attaching package: ‘gridExtra’

The following object is masked from ‘package:dplyr’:

    combine

  tidyverse fastcluster   latex2exp        grid   gridExtra 
       TRUE        TRUE        TRUE        TRUE        TRUE 
list()
Loading required package: bigstatsr
Loading required package: bigsnpr
bigstatsr   bigsnpr 
     TRUE      TRUE 

----------------------------------------------------------------------------------------------------
Partitioning variants
----------------------------------------------------------------------------------------------------

Processing chromosome 9 ...

  resolution_cM median_width_kB mean_width_kB n_groups median_size_SNPs
1          0.00          0.0000       0.00000    11538              1.0
2          0.01          5.1020      20.28102     3210              3.0
3          0.05         25.2870      61.71819     1504              5.0
4          0.10         46.7190     100.20186     1032              8.0
5          0.20         91.0355     169.78303      670             12.5
6          0.50        215.6680     359.67674      343             26.0
7          1.00        455.7720     674.07934      191             54.0
  mean_size_SNPs
1       1.000000
2       3.594393
3       7.671543
4      11.180233
5      17.220896
6      33.638484
7      60.408377
Mean group sizes: 
    res_7     res_6     res_5     res_4     res_3     res_2     res_1 
 1.000000  3.594393  7.671543 11.180233 17.220896 33.638484 60.408377 
Median group sizes: 
res_7 res_6 res_5 res_4 res_3 res_2 res_1 
  1.0   3.0   5.0   8.0  12.5  26.0  54.0 
Partitions written to: /nobackup/proj/comet_kogwas/data/tmp/partitions/chr9.txt
