Loading required package: tidyverse
── Attaching core tidyverse packages ──────────────────────── tidyverse 2.0.0 ──
✔ dplyr     1.1.4     ✔ readr     2.1.6
✔ forcats   1.0.1     ✔ stringr   1.5.1
✔ ggplot2   4.0.1     ✔ tibble    3.2.1
✔ lubridate 1.9.4     ✔ tidyr     1.3.1
✔ purrr     1.0.2     
── Conflicts ────────────────────────────────────────── tidyverse_conflicts() ──
✖ dplyr::filter() masks stats::filter()
✖ dplyr::lag()    masks stats::lag()
ℹ Use the conflicted package (<http://conflicted.r-lib.org/>) to force all conflicts to become errors
Loading required package: fastcluster

Attaching package: ‘fastcluster’

The following object is masked from ‘package:stats’:

    hclust

Loading required package: latex2exp
Loading required package: grid
Loading required package: gridExtra

Attaching package: ‘gridExtra’

The following object is masked from ‘package:dplyr’:

    combine

  tidyverse fastcluster   latex2exp        grid   gridExtra 
       TRUE        TRUE        TRUE        TRUE        TRUE 
list()
Loading required package: bigstatsr
Loading required package: bigsnpr
bigstatsr   bigsnpr 
     TRUE      TRUE 

----------------------------------------------------------------------------------------------------
Partitioning variants
----------------------------------------------------------------------------------------------------

Processing chromosome 1 ...

  resolution_cM median_width_kB mean_width_kB n_groups median_size_SNPs
1          0.00           0.000       0.00000    20116                1
2          0.01           6.156      14.06982     5434                3
3          0.05          30.404      51.66909     2535                6
4          0.10          55.685      88.63704     1734                9
5          0.20         104.662     151.84964     1133               14
6          0.50         249.134     327.58659      583               28
7          1.00         518.574     618.51330      327               56
  mean_size_SNPs
1       1.000000
2       3.701877
3       7.935306
4      11.600923
5      17.754634
6      34.504288
7      61.516820
Mean group sizes: 
    res_7     res_6     res_5     res_4     res_3     res_2     res_1 
 1.000000  3.701877  7.935306 11.600923 17.754634 34.504288 61.516820 
Median group sizes: 
res_7 res_6 res_5 res_4 res_3 res_2 res_1 
    1     3     6     9    14    28    56 
Partitions written to: /nobackup/proj/comet_kogwas/data/tmp/partitions/chr1.txt
