Loading required package: tidyverse
── Attaching core tidyverse packages ──────────────────────── tidyverse 2.0.0 ──
✔ dplyr     1.1.4     ✔ readr     2.1.6
✔ forcats   1.0.1     ✔ stringr   1.5.1
✔ ggplot2   4.0.1     ✔ tibble    3.2.1
✔ lubridate 1.9.4     ✔ tidyr     1.3.1
✔ purrr     1.0.2     
── Conflicts ────────────────────────────────────────── tidyverse_conflicts() ──
✖ dplyr::filter() masks stats::filter()
✖ dplyr::lag()    masks stats::lag()
ℹ Use the conflicted package (<http://conflicted.r-lib.org/>) to force all conflicts to become errors
Loading required package: fastcluster

Attaching package: ‘fastcluster’

The following object is masked from ‘package:stats’:

    hclust

Loading required package: latex2exp
Loading required package: grid
Loading required package: gridExtra

Attaching package: ‘gridExtra’

The following object is masked from ‘package:dplyr’:

    combine

  tidyverse fastcluster   latex2exp        grid   gridExtra 
       TRUE        TRUE        TRUE        TRUE        TRUE 
list()
Loading required package: bigstatsr
Loading required package: bigsnpr
bigstatsr   bigsnpr 
     TRUE      TRUE 

----------------------------------------------------------------------------------------------------
Partitioning variants
----------------------------------------------------------------------------------------------------

Processing chromosome 15 ...

  resolution_cM median_width_kB mean_width_kB n_groups median_size_SNPs
1          0.00          0.0000       0.00000     6808                1
2          0.01          3.7290      10.77304     2099                2
3          0.05         22.0040      41.18846     1024                5
4          0.10         44.4380      72.22489      713                7
5          0.20         81.8705     125.45630      466               11
6          0.50        190.7060     272.56888      244               21
7          1.00        354.9960     496.02633      143               40
  mean_size_SNPs
1       1.000000
2       3.243449
3       6.648438
4       9.548387
5      14.609442
6      27.901639
7      47.608392
Mean group sizes: 
    res_7     res_6     res_5     res_4     res_3     res_2     res_1 
 1.000000  3.243449  6.648438  9.548387 14.609442 27.901639 47.608392 
Median group sizes: 
res_7 res_6 res_5 res_4 res_3 res_2 res_1 
    1     2     5     7    11    21    40 
Partitions written to: /nobackup/proj/comet_kogwas/data/tmp/partitions/chr15.txt
