Loading required package: tidyverse
── Attaching core tidyverse packages ──────────────────────── tidyverse 2.0.0 ──
✔ dplyr     1.1.4     ✔ readr     2.1.6
✔ forcats   1.0.1     ✔ stringr   1.5.1
✔ ggplot2   4.0.1     ✔ tibble    3.2.1
✔ lubridate 1.9.4     ✔ tidyr     1.3.1
✔ purrr     1.0.2     
── Conflicts ────────────────────────────────────────── tidyverse_conflicts() ──
✖ dplyr::filter() masks stats::filter()
✖ dplyr::lag()    masks stats::lag()
ℹ Use the conflicted package (<http://conflicted.r-lib.org/>) to force all conflicts to become errors
Loading required package: fastcluster

Attaching package: ‘fastcluster’

The following object is masked from ‘package:stats’:

    hclust

Loading required package: latex2exp
Loading required package: grid
Loading required package: gridExtra

Attaching package: ‘gridExtra’

The following object is masked from ‘package:dplyr’:

    combine

  tidyverse fastcluster   latex2exp        grid   gridExtra 
       TRUE        TRUE        TRUE        TRUE        TRUE 
list()
Loading required package: bigstatsr
Loading required package: bigsnpr
bigstatsr   bigsnpr 
     TRUE      TRUE 

----------------------------------------------------------------------------------------------------
Partitioning variants
----------------------------------------------------------------------------------------------------

Processing chromosome 14 ...

  resolution_cM median_width_kB mean_width_kB n_groups median_size_SNPs
1          0.00          0.0000       0.00000     8490                1
2          0.01          5.4280      12.94529     2351                3
3          0.05         29.2275      49.63363     1076                6
4          0.10         52.4780      83.61564      739                8
5          0.20         99.3300     142.02048      485               13
6          0.50        219.5880     309.40715      248               27
7          1.00        459.6550     588.73650      137               52
  mean_size_SNPs
1       1.000000
2       3.611229
3       7.890335
4      11.488498
5      17.505155
6      34.233871
7      61.970803
Mean group sizes: 
    res_7     res_6     res_5     res_4     res_3     res_2     res_1 
 1.000000  3.611229  7.890335 11.488498 17.505155 34.233871 61.970803 
Median group sizes: 
res_7 res_6 res_5 res_4 res_3 res_2 res_1 
    1     3     6     8    13    27    52 
Partitions written to: /nobackup/proj/comet_kogwas/data/tmp/partitions/chr14.txt
