Loading required package: tidyverse
── Attaching core tidyverse packages ──────────────────────── tidyverse 2.0.0 ──
✔ dplyr     1.1.4     ✔ readr     2.1.6
✔ forcats   1.0.1     ✔ stringr   1.5.1
✔ ggplot2   4.0.1     ✔ tibble    3.2.1
✔ lubridate 1.9.4     ✔ tidyr     1.3.1
✔ purrr     1.0.2     
── Conflicts ────────────────────────────────────────── tidyverse_conflicts() ──
✖ dplyr::filter() masks stats::filter()
✖ dplyr::lag()    masks stats::lag()
ℹ Use the conflicted package (<http://conflicted.r-lib.org/>) to force all conflicts to become errors
Loading required package: fastcluster

Attaching package: ‘fastcluster’

The following object is masked from ‘package:stats’:

    hclust

Loading required package: latex2exp
Loading required package: grid
Loading required package: gridExtra

Attaching package: ‘gridExtra’

The following object is masked from ‘package:dplyr’:

    combine

  tidyverse fastcluster   latex2exp        grid   gridExtra 
       TRUE        TRUE        TRUE        TRUE        TRUE 
list()
Loading required package: bigstatsr
Loading required package: bigsnpr
bigstatsr   bigsnpr 
     TRUE      TRUE 

----------------------------------------------------------------------------------------------------
Partitioning variants
----------------------------------------------------------------------------------------------------

Processing chromosome 21 ...

  resolution_cM median_width_kB mean_width_kB n_groups median_size_SNPs
1          0.00          0.0000      0.000000     3187                1
2          0.01          3.2890      8.836236     1013                2
3          0.05         19.5135     33.575423      508                4
4          0.10         41.3520     58.574532      355                6
5          0.20         66.1570     99.598895      239               10
6          0.50        183.4405    222.088250      124               21
7          1.00        414.7730    426.940457       70               43
  mean_size_SNPs
1       1.000000
2       3.146101
3       6.273622
4       8.977465
5      13.334728
6      25.701613
7      45.528571
Mean group sizes: 
    res_7     res_6     res_5     res_4     res_3     res_2     res_1 
 1.000000  3.146101  6.273622  8.977465 13.334728 25.701613 45.528571 
Median group sizes: 
res_7 res_6 res_5 res_4 res_3 res_2 res_1 
    1     2     4     6    10    21    43 
Partitions written to: /nobackup/proj/comet_kogwas/data/tmp/partitions/chr21.txt
