Loading required package: tidyverse
── Attaching core tidyverse packages ──────────────────────── tidyverse 2.0.0 ──
✔ dplyr     1.1.4     ✔ readr     2.1.6
✔ forcats   1.0.1     ✔ stringr   1.5.1
✔ ggplot2   4.0.1     ✔ tibble    3.2.1
✔ lubridate 1.9.4     ✔ tidyr     1.3.1
✔ purrr     1.0.2     
── Conflicts ────────────────────────────────────────── tidyverse_conflicts() ──
✖ dplyr::filter() masks stats::filter()
✖ dplyr::lag()    masks stats::lag()
ℹ Use the conflicted package (<http://conflicted.r-lib.org/>) to force all conflicts to become errors
Loading required package: fastcluster

Attaching package: ‘fastcluster’

The following object is masked from ‘package:stats’:

    hclust

Loading required package: latex2exp
Loading required package: grid
Loading required package: gridExtra

Attaching package: ‘gridExtra’

The following object is masked from ‘package:dplyr’:

    combine

  tidyverse fastcluster   latex2exp        grid   gridExtra 
       TRUE        TRUE        TRUE        TRUE        TRUE 
list()
Loading required package: bigstatsr
Loading required package: bigsnpr
bigstatsr   bigsnpr 
     TRUE      TRUE 

----------------------------------------------------------------------------------------------------
Partitioning variants
----------------------------------------------------------------------------------------------------

Processing chromosome 16 ...

  resolution_cM median_width_kB mean_width_kB n_groups median_size_SNPs
1          0.00           0.000      0.000000     6717              1.0
2          0.01           2.803      8.807838     2216              2.0
3          0.05          17.521     33.813593     1100              4.0
4          0.10          32.483     75.123629      770              6.0
5          0.20          67.040    130.212488      506             10.0
6          0.50         161.876    273.782086      269             21.0
7          1.00         304.734    508.105662      154             37.5
  mean_size_SNPs
1       1.000000
2       3.031137
3       6.106364
4       8.723377
5      13.274704
6      24.970260
7      43.616883
Mean group sizes: 
    res_7     res_6     res_5     res_4     res_3     res_2     res_1 
 1.000000  3.031137  6.106364  8.723377 13.274704 24.970260 43.616883 
Median group sizes: 
res_7 res_6 res_5 res_4 res_3 res_2 res_1 
  1.0   2.0   4.0   6.0  10.0  21.0  37.5 
Partitions written to: /nobackup/proj/comet_kogwas/data/tmp/partitions/chr16.txt
