PLINK v1.90b6.21 64-bit (19 Oct 2020)
Options in effect:
  --bfile /nobackup/proj/comet_kogwas/data/tmp/knockoffs/knockoffs_chr7_res2
  --freq
  --keep-allele-order
  --ld-window 2
  --ld-window-kb 0
  --memory 9000
  --out results_d25_w3_FDR5/knockoffs_gof/knockoffs_chr7_res2_self
  --r in-phase

Hostname: compute034.comet.hpc.ncl.ac.uk
Working directory: /mnt/nfs/home/nrajh/StatGen/work-other/KnockOff/knockoff-gwas/pbc_analysis
Start time: Mon Feb  2 18:13:35 2026

Random number seed: 1770056015
1547128 MB RAM detected; reserving 9000 MB for main workspace.
28988 variants loaded from .bim file.
24510 people (0 males, 0 females, 24510 ambiguous) loaded from .fam.
Ambiguous sex IDs written to
results_d25_w3_FDR5/knockoffs_gof/knockoffs_chr7_res2_self.nosex .
Using up to 255 threads (change this with --threads).
Before main variant filters, 24510 founders and 0 nonfounders present.
Calculating allele frequencies... done.
--freq: Allele frequencies (founders only) written to
results_d25_w3_FDR5/knockoffs_gof/knockoffs_chr7_res2_self.frq .
28988 variants and 24510 people pass filters and QC.
Note: No phenotypes present.
--r in-phase to results_d25_w3_FDR5/knockoffs_gof/knockoffs_chr7_res2_self.ld
... done.

End time: Mon Feb  2 18:13:36 2026
