PLINK v1.90b6.21 64-bit (19 Oct 2020)
Options in effect:
  --bfile /nobackup/proj/comet_kogwas/data/Nicola_chr18
  --covar /nobackup/proj/comet_kogwas/data/tmp/tmp_gwas/pc_covariates.txt
  --covar-name PC1,PC2,PC3
  --logistic hide-covar
  --out results_gwas/gwas_chr18

Hostname: hmem010.comet.hpc.ncl.ac.uk
Working directory: /mnt/nfs/home/nrajh/StatGen/work-other/KnockOff/knockoff-gwas/pbc_analysis
Start time: Mon Feb 23 11:34:24 2026

Random number seed: 1771846464
1547126 MB RAM detected; reserving 773563 MB for main workspace.
7256 variants loaded from .bim file.
24510 people (8359 males, 16151 females) loaded from .fam.
24510 phenotype values loaded from .fam.
Using 1 thread (no multithreaded calculations invoked).
--covar: 3 covariates loaded.
Before main variant filters, 24510 founders and 0 nonfounders present.
Calculating allele frequencies... done.
Total genotyping rate is 0.994703.
7256 variants and 24510 people pass filters and QC.
Among remaining phenotypes, 8021 are cases and 16489 are controls.
Writing logistic model association results to
results_gwas/gwas_chr18.assoc.logistic ... done.

End time: Mon Feb 23 11:34:30 2026
