PLINK v1.90b6.21 64-bit (19 Oct 2020)
Options in effect:
  --bfile /nobackup/proj/comet_kogwas/data/Nicola_chr22
  --clump results_gwas/gwas_chr22.assoc.logistic
  --clump-kb 5000
  --clump-p1 5e-8
  --clump-r2 0.1
  --out results_gwas/gwas_clump_chr22

Hostname: hmem010.comet.hpc.ncl.ac.uk
Working directory: /mnt/nfs/home/nrajh/StatGen/work-other/KnockOff/knockoff-gwas/pbc_analysis
Start time: Mon Feb 23 11:34:46 2026

Random number seed: 1771846486
1547126 MB RAM detected; reserving 773563 MB for main workspace.
2741 variants loaded from .bim file.
24510 people (8359 males, 16151 females) loaded from .fam.
24510 phenotype values loaded from .fam.
Using 1 thread (no multithreaded calculations invoked).
Before main variant filters, 24510 founders and 0 nonfounders present.
Calculating allele frequencies... done.
Total genotyping rate is 0.994908.
2741 variants and 24510 people pass filters and QC.
Among remaining phenotypes, 8021 are cases and 16489 are controls.
--clump: 1 clump formed from 3 top variants.
Results written to results_gwas/gwas_clump_chr22.clumped .

End time: Mon Feb 23 11:34:46 2026
