PLINK v1.90b6.21 64-bit (19 Oct 2020)
Options in effect:
  --bfile /nobackup/proj/comet_kogwas/data/Nicola_chr1
  --clump results_gwas/gwas_chr1.assoc.logistic
  --clump-kb 250
  --clump-p1 5e-8
  --clump-p2 1e-2
  --clump-r2 0.1
  --out results_gwas/gwas_clump_chr1

Hostname: compute030.comet.hpc.ncl.ac.uk
Working directory: /mnt/nfs/home/nrajh/StatGen/work-other/KnockOff/knockoff-gwas/pbc_analysis
Start time: Wed Feb 18 18:19:01 2026

Random number seed: 1771438741
1547128 MB RAM detected; reserving 773564 MB for main workspace.
20116 variants loaded from .bim file.
24510 people (8359 males, 16151 females) loaded from .fam.
24510 phenotype values loaded from .fam.
Using 1 thread (no multithreaded calculations invoked).
Before main variant filters, 24510 founders and 0 nonfounders present.
Calculating allele frequencies... done.
Total genotyping rate is 0.99474.
20116 variants and 24510 people pass filters and QC.
Among remaining phenotypes, 8021 are cases and 16489 are controls.
--clump: 10 clumps formed from 48 top variants.
Results written to results_gwas/gwas_clump_chr1.clumped .

End time: Wed Feb 18 18:19:01 2026
