PLINK v1.90b6.24 64-bit (6 Jun 2021)
Options in effect:
  --bfile /data/tmp/knockoffs/knockoffs_chr16_res2
  --freq
  --keep-allele-order
  --ld-window 2
  --ld-window-kb 0
  --memory 9000
  --out results/knockoffs_gof/knockoffs_chr16_res2_self
  --r in-phase

Hostname: compute029.comet.hpc.ncl.ac.uk
Working directory: /mnt/nfs/home/nrajh/StatGen/work-other/KnockOff/knockoff-gwas/pbc_analysis_container
Start time: Tue May 12 09:53:39 2026

Random number seed: 1778576019
1547128 MB RAM detected; reserving 9000 MB for main workspace.
13434 variants loaded from .bim file.
24510 people (0 males, 0 females, 24510 ambiguous) loaded from .fam.
Ambiguous sex IDs written to
results/knockoffs_gof/knockoffs_chr16_res2_self.nosex .
Using up to 255 threads (change this with --threads).
Before main variant filters, 24510 founders and 0 nonfounders present.
Calculating allele frequencies... done.
Total genotyping rate is in [0.9999995, 1).
--freq: Allele frequencies (founders only) written to
results/knockoffs_gof/knockoffs_chr16_res2_self.frq .
13434 variants and 24510 people pass filters and QC.
Note: No phenotypes present.
--r in-phase to results/knockoffs_gof/knockoffs_chr16_res2_self.ld ...
done.

End time: Tue May 12 09:53:39 2026
