Creating phenotype file /data/Nicola_phenotypes.txt using .fam file from chromesome 16 with phenotype name NA for use in KnockOffGWAS pipeline...
PLINK v2.0.0-a.7.0LM 64-bit Intel (25 Apr 2026)     cog-genomics.org/plink/2.0/
(C) 2005-2026 Shaun Purcell, Christopher Chang    GNU General Public License v3
Logging to 16_chr16.log.
Options in effect:
  --bfile 16_chr16
  --export vcf
  --out 16_chr16

Start time: Thu May  7 11:25:11 2026
1547128 MiB RAM detected, ~1319475 available; reserving 773564 MiB for main
workspace.
Using 1 compute thread.
Error: Failed to open 16_chr16.fam : No such file or directory.
End time: Thu May  7 11:25:11 2026
[E::hts_open_format] Failed to open file "16_chr16.vcf.gz" : No such file or directory
Failed to read from 16_chr16.vcf.gz: No such file or directory
[E::hts_open_format] Failed to open file "16_chr16.bcf" : No such file or directory
Failed to read from 16_chr16.bcf: No such file or directory
index: failed to open 16_chr16.bcf
Error in file(file, "rt") : cannot open the connection
Calls: read.table -> file
In addition: Warning message:
In file(file, "rt") :
  cannot open file '16_chr16.fam': No such file or directory
Execution halted

[SHAPEIT5] phase_common (jointly phase multiple common markers)
  * Author        : Olivier DELANEAU, University of Lausanne
  * Contact       : olivier.delaneau@gmail.com
  * Version       : 5.1.1 / commit = 990ed0d / release = 2023-05-08
  * Run date      : 07/05/2026 - 11:25:11

Files:
  * Input         : [16_chr16.bcf]
  * Pedigree      : [16_chr16_shapeit.fam]
  * Genetic Map   : [16_map_chr16_shapeit.txt]
  * Output        : [16_phased_chr16.bcf]
  * Output format : [bcf]

Parameters:
  * Seed    : 15052011
  * Threads : 8 threads
  * MCMC    : 15 iterations [5b + 1p + 1b + 1p + 1b + 1p + 5m]
  * PBWT    : [window = 4cM / depth = auto / modulo = auto / mac = 5 / missing = 0.1]
  * HMM     : [window = 4cM / Ne = 15000 / Recombination rates given by genetic map]

Reading genotype data:
[E::hts_open_format] Failed to open file "16_chr16.bcf" : No such file or directory

[31mERROR: [0mOpening [16_chr16.bcf]: unknown error
[E::hts_open_format] Failed to open file "16_phased_chr16.bcf" : No such file or directory
Failed to read from 16_phased_chr16.bcf: No such file or directory
PLINK v2.0.0-a.7.0LM 64-bit Intel (25 Apr 2026)     cog-genomics.org/plink/2.0/
(C) 2005-2026 Shaun Purcell, Christopher Chang    GNU General Public License v3
Logging to 16_temp_chr16.log.
Options in effect:
  --make-pgen
  --out 16_temp_chr16
  --vcf 16_phased_chr16.vcf

Start time: Thu May  7 11:25:11 2026
1547128 MiB RAM detected, ~1319461 available; reserving 773564 MiB for main
workspace.
Using 1 compute thread.
Error: Failed to open 16_phased_chr16.vcf : No such file or directory.
End time: Thu May  7 11:25:11 2026
PLINK v2.0.0-a.7.0LM 64-bit Intel (25 Apr 2026)     cog-genomics.org/plink/2.0/
(C) 2005-2026 Shaun Purcell, Christopher Chang    GNU General Public License v3
Logging to 16_phased_chr16.log.
Options in effect:
  --export bgen-1.2 ref-first id-paste=iid
  --out 16_phased_chr16
  --pfile 16_temp_chr16

Start time: Thu May  7 11:25:11 2026
1547128 MiB RAM detected, ~1319471 available; reserving 773564 MiB for main
workspace.
Using 1 compute thread.
Error: Failed to open 16_temp_chr16.psam : No such file or directory.
End time: Thu May  7 11:25:11 2026
Error in file(file, "rt") : cannot open the connection
Calls: read.table -> file
In addition: Warning message:
In file(file, "rt") :
  cannot open file '16_temp_phased_chr16.sample': No such file or directory
Execution halted
