Loading required package: tidyverse
── Attaching core tidyverse packages ──────────────────────── tidyverse 2.0.0 ──
✔ dplyr     1.1.4     ✔ readr     2.1.6
✔ forcats   1.0.1     ✔ stringr   1.5.1
✔ ggplot2   4.0.1     ✔ tibble    3.2.1
✔ lubridate 1.9.4     ✔ tidyr     1.3.1
✔ purrr     1.0.2     
── Conflicts ────────────────────────────────────────── tidyverse_conflicts() ──
✖ dplyr::filter() masks stats::filter()
✖ dplyr::lag()    masks stats::lag()
ℹ Use the conflicted package (<http://conflicted.r-lib.org/>) to force all conflicts to become errors
Loading required package: fastcluster

Attaching package: ‘fastcluster’

The following object is masked from ‘package:stats’:

    hclust

Loading required package: latex2exp
Loading required package: grid
Loading required package: gridExtra

Attaching package: ‘gridExtra’

The following object is masked from ‘package:dplyr’:

    combine

  tidyverse fastcluster   latex2exp        grid   gridExtra 
       TRUE        TRUE        TRUE        TRUE        TRUE 
list()
Loading required package: bigstatsr
Loading required package: bigsnpr
bigstatsr   bigsnpr 
     TRUE      TRUE 

----------------------------------------------------------------------------------------------------
Partitioning variants
----------------------------------------------------------------------------------------------------

Processing chromosome 17 ...

  resolution_cM median_width_kB mean_width_kB n_groups median_size_SNPs
1          0.00           0.000       0.00000     5360              1.0
2          0.01           2.343      10.58732     1855              2.0
3          0.05          17.400      39.45274      985              4.0
4          0.10          33.094      70.59764      706              5.0
5          0.20          64.511     120.06403      475              8.0
6          0.50         167.385     272.07396      247             18.0
7          1.00         377.748     512.99319      140             31.5
  mean_size_SNPs
1       1.000000
2       2.889488
3       5.441624
4       7.592068
5      11.284211
6      21.700405
7      38.285714
Mean group sizes: 
    res_7     res_6     res_5     res_4     res_3     res_2     res_1 
 1.000000  2.889488  5.441624  7.592068 11.284211 21.700405 38.285714 
Median group sizes: 
res_7 res_6 res_5 res_4 res_3 res_2 res_1 
  1.0   2.0   4.0   5.0   8.0  18.0  31.5 
Partitions written to: /nobackup/proj/comet_kogwas/data/tmp/partitions/chr17.txt
