Loading required package: tidyverse
── Attaching core tidyverse packages ──────────────────────── tidyverse 2.0.0 ──
✔ dplyr     1.1.4     ✔ readr     2.1.6
✔ forcats   1.0.1     ✔ stringr   1.5.1
✔ ggplot2   4.0.1     ✔ tibble    3.2.1
✔ lubridate 1.9.4     ✔ tidyr     1.3.1
✔ purrr     1.0.2     
── Conflicts ────────────────────────────────────────── tidyverse_conflicts() ──
✖ dplyr::filter() masks stats::filter()
✖ dplyr::lag()    masks stats::lag()
ℹ Use the conflicted package (<http://conflicted.r-lib.org/>) to force all conflicts to become errors
Loading required package: fastcluster

Attaching package: ‘fastcluster’

The following object is masked from ‘package:stats’:

    hclust

Loading required package: latex2exp
Loading required package: grid
Loading required package: gridExtra

Attaching package: ‘gridExtra’

The following object is masked from ‘package:dplyr’:

    combine

  tidyverse fastcluster   latex2exp        grid   gridExtra 
       TRUE        TRUE        TRUE        TRUE        TRUE 
list()
Loading required package: bigstatsr
Loading required package: bigsnpr
bigstatsr   bigsnpr 
     TRUE      TRUE 

----------------------------------------------------------------------------------------------------
Partitioning variants
----------------------------------------------------------------------------------------------------

Processing chromosome 7 ...

  resolution_cM median_width_kB mean_width_kB n_groups median_size_SNPs
1          0.00           0.000       0.00000    14494              1.0
2          0.01           6.604      13.63708     3845              3.0
3          0.05          30.791      50.10428     1791              6.0
4          0.10          59.134      89.83067     1195              9.0
5          0.20         107.478     162.77228      769             14.0
6          0.50         275.471     367.46375      379             32.0
7          1.00         501.368     647.99523      224             56.5
  mean_size_SNPs
1       1.000000
2       3.769571
3       8.092686
4      12.128870
5      18.847854
6      38.242744
7      64.705357
Mean group sizes: 
    res_7     res_6     res_5     res_4     res_3     res_2     res_1 
 1.000000  3.769571  8.092686 12.128870 18.847854 38.242744 64.705357 
Median group sizes: 
res_7 res_6 res_5 res_4 res_3 res_2 res_1 
  1.0   3.0   6.0   9.0  14.0  32.0  56.5 
Partitions written to: /nobackup/proj/comet_kogwas/data/tmp/partitions/chr7.txt
