Loading required package: tidyverse
── Attaching core tidyverse packages ──────────────────────── tidyverse 2.0.0 ──
✔ dplyr     1.1.4     ✔ readr     2.1.6
✔ forcats   1.0.1     ✔ stringr   1.5.1
✔ ggplot2   4.0.1     ✔ tibble    3.2.1
✔ lubridate 1.9.4     ✔ tidyr     1.3.1
✔ purrr     1.0.2     
── Conflicts ────────────────────────────────────────── tidyverse_conflicts() ──
✖ dplyr::filter() masks stats::filter()
✖ dplyr::lag()    masks stats::lag()
ℹ Use the conflicted package (<http://conflicted.r-lib.org/>) to force all conflicts to become errors
Loading required package: fastcluster

Attaching package: ‘fastcluster’

The following object is masked from ‘package:stats’:

    hclust

Loading required package: latex2exp
Loading required package: grid
Loading required package: gridExtra

Attaching package: ‘gridExtra’

The following object is masked from ‘package:dplyr’:

    combine

  tidyverse fastcluster   latex2exp        grid   gridExtra 
       TRUE        TRUE        TRUE        TRUE        TRUE 
list()
Loading required package: bigstatsr
Loading required package: bigsnpr
bigstatsr   bigsnpr 
     TRUE      TRUE 

----------------------------------------------------------------------------------------------------
Partitioning variants
----------------------------------------------------------------------------------------------------

Processing chromosome 4 ...

  resolution_cM median_width_kB mean_width_kB n_groups median_size_SNPs
1          0.00          0.0000       0.00000    15501                1
2          0.01          6.8400      14.48786     4286                3
3          0.05         35.9470      56.39338     2001                6
4          0.10         64.7260      97.76264     1359                9
5          0.20        119.9025     171.50025      872               14
6          0.50        293.9910     374.00247      446               30
7          1.00        561.4510     701.35298      251               56
  mean_size_SNPs
1       1.000000
2       3.616659
3       7.746627
4      11.406181
5      17.776376
6      34.755605
7      61.756972
Mean group sizes: 
    res_7     res_6     res_5     res_4     res_3     res_2     res_1 
 1.000000  3.616659  7.746627 11.406181 17.776376 34.755605 61.756972 
Median group sizes: 
res_7 res_6 res_5 res_4 res_3 res_2 res_1 
    1     3     6     9    14    30    56 
Partitions written to: /nobackup/proj/comet_kogwas/data/tmp/partitions/chr4.txt
