Loading required package: tidyverse
── Attaching core tidyverse packages ──────────────────────── tidyverse 2.0.0 ──
✔ dplyr     1.1.4     ✔ readr     2.1.6
✔ forcats   1.0.1     ✔ stringr   1.5.1
✔ ggplot2   4.0.1     ✔ tibble    3.2.1
✔ lubridate 1.9.4     ✔ tidyr     1.3.1
✔ purrr     1.0.2     
── Conflicts ────────────────────────────────────────── tidyverse_conflicts() ──
✖ dplyr::filter() masks stats::filter()
✖ dplyr::lag()    masks stats::lag()
ℹ Use the conflicted package (<http://conflicted.r-lib.org/>) to force all conflicts to become errors
Loading required package: fastcluster

Attaching package: ‘fastcluster’

The following object is masked from ‘package:stats’:

    hclust

Loading required package: latex2exp
Loading required package: grid
Loading required package: gridExtra

Attaching package: ‘gridExtra’

The following object is masked from ‘package:dplyr’:

    combine

  tidyverse fastcluster   latex2exp        grid   gridExtra 
       TRUE        TRUE        TRUE        TRUE        TRUE 
list()
Loading required package: bigstatsr
Loading required package: bigsnpr
bigstatsr   bigsnpr 
     TRUE      TRUE 

----------------------------------------------------------------------------------------------------
Partitioning variants
----------------------------------------------------------------------------------------------------

Processing chromosome 20 ...

  resolution_cM median_width_kB mean_width_kB n_groups median_size_SNPs
1          0.00          0.0000       0.00000     5650                1
2          0.01          3.5680      10.08290     1754                2
3          0.05         19.9780      35.59086      887                4
4          0.10         38.0550      61.62850      621                7
5          0.20         71.3260     105.75720      413               10
6          0.50        181.1685     232.58642      216               21
7          1.00        317.5150     452.00966      127               39
  mean_size_SNPs
1       1.000000
2       3.221209
3       6.369786
4       9.098229
5      13.680387
6      26.157407
7      44.488189
Mean group sizes: 
    res_7     res_6     res_5     res_4     res_3     res_2     res_1 
 1.000000  3.221209  6.369786  9.098229 13.680387 26.157407 44.488189 
Median group sizes: 
res_7 res_6 res_5 res_4 res_3 res_2 res_1 
    1     2     4     7    10    21    39 
Partitions written to: /nobackup/proj/comet_kogwas/data/tmp/partitions/chr20.txt
