Loading required package: tidyverse
── Attaching core tidyverse packages ──────────────────────── tidyverse 2.0.0 ──
✔ dplyr     1.1.4     ✔ readr     2.1.6
✔ forcats   1.0.1     ✔ stringr   1.5.1
✔ ggplot2   4.0.1     ✔ tibble    3.2.1
✔ lubridate 1.9.4     ✔ tidyr     1.3.1
✔ purrr     1.0.2     
── Conflicts ────────────────────────────────────────── tidyverse_conflicts() ──
✖ dplyr::filter() masks stats::filter()
✖ dplyr::lag()    masks stats::lag()
ℹ Use the conflicted package (<http://conflicted.r-lib.org/>) to force all conflicts to become errors
Loading required package: fastcluster

Attaching package: ‘fastcluster’

The following object is masked from ‘package:stats’:

    hclust

Loading required package: latex2exp
Loading required package: grid
Loading required package: gridExtra

Attaching package: ‘gridExtra’

The following object is masked from ‘package:dplyr’:

    combine

  tidyverse fastcluster   latex2exp        grid   gridExtra 
       TRUE        TRUE        TRUE        TRUE        TRUE 
list()
Loading required package: bigstatsr
Loading required package: bigsnpr
bigstatsr   bigsnpr 
     TRUE      TRUE 

----------------------------------------------------------------------------------------------------
Partitioning variants
----------------------------------------------------------------------------------------------------

Processing chromosome 22 ...

  resolution_cM median_width_kB mean_width_kB n_groups median_size_SNPs
1          0.00          0.0000      0.000000     2741              1.0
2          0.01          1.6980      8.794586      951              2.0
3          0.05         12.4955     30.211690      520              4.0
4          0.10         23.9280     51.816618      372              5.0
5          0.20         46.7505     92.196936      250              7.5
6          0.50        124.1825    199.871402      132             16.5
7          1.00        258.8910    369.198870       77             29.0
  mean_size_SNPs
1       1.000000
2       2.882229
3       5.271154
4       7.368280
5      10.964000
6      20.765152
7      35.597403
Mean group sizes: 
    res_7     res_6     res_5     res_4     res_3     res_2     res_1 
 1.000000  2.882229  5.271154  7.368280 10.964000 20.765152 35.597403 
Median group sizes: 
res_7 res_6 res_5 res_4 res_3 res_2 res_1 
  1.0   2.0   4.0   5.0   7.5  16.5  29.0 
Partitions written to: /nobackup/proj/comet_kogwas/data/tmp/partitions/chr22.txt
